// Jest Snapshot v1, https://goo.gl/fbAQLP

exports[`RequestLoginResolver throws error if logged in 1`] = `
Array [
  [GraphQLError: Not Authorized!],
]
`;
